2026-09-30T18:00:01 INFO User login successful
2026-09-30T18:00:02 INFO API request completed
2026-09-30T18:00:03 INFO Database query completed
2026-09-30T18:00:04 WARN High memory usage detected
2026-09-30T18:00:05 ERROR Database connection failed
2026-09-30T18:00:06 INFO Retrying database connection
2026-09-30T18:00:07 INFO Database connection restored
2026-09-30T18:00:08 INFO API request completed
2026-09-30T18:00:09 ERROR Request timeout
2026-09-30T18:00:10 WARN High response latency detected
2026-09-30T18:00:11 INFO User logout successful
2026-09-30T18:00:12 INFO User login successful
2026-09-30T18:00:13 INFO API request completed
2026-09-30T18:00:14 ERROR Database connection failed
2026-09-30T18:00:15 ERROR Database connection failed
2026-09-30T18:00:16 INFO Retrying database connection
2026-09-30T18:00:17 INFO Database connection restored
2026-09-30T18:00:18 WARN CPU usage above threshold
2026-09-30T18:00:19 INFO API request completed
2026-09-30T18:00:20 INFO API request completed
2026-09-30T18:00:21 ERROR Authentication failed
2026-09-30T18:00:22 INFO User login successful
2026-09-30T18:00:23 WARN High memory usage detected
2026-09-30T18:00:24 INFO Database query completed
2026-09-30T18:00:25 ERROR Request timeout
2026-09-30T18:00:26 INFO Retrying request
2026-09-30T18:00:27 INFO Request completed successfully
2026-09-30T18:00:28 INFO API request completed
2026-09-30T18:00:29 WARN High response latency detected
2026-09-30T18:00:30 ERROR Database connection failed
2026-09-30T18:00:31 INFO Retrying database connection
2026-09-30T18:00:32 ERROR Database connection failed
2026-09-30T18:00:33 INFO Database connection restored
2026-09-30T18:00:34 INFO API request completed
2026-09-30T18:00:35 INFO User logout successful
2026-09-30T18:00:36 WARN CPU usage above threshold
2026-09-30T18:00:37 INFO Database query completed
2026-09-30T18:00:38 ERROR Authentication failed
2026-09-30T18:00:39 INFO User login successful
2026-09-30T18:00:40 INFO API request completed
2026-09-30T18:00:41 ERROR Request timeout
2026-09-30T18:00:42 WARN High memory usage detected
2026-09-30T18:00:43 INFO Request completed successfully
2026-09-30T18:00:44 INFO API request completed
2026-09-30T18:00:45 ERROR Database connection failed
2026-09-30T18:00:46 INFO Retrying database connection
2026-09-30T18:00:47 INFO Database connection restored
2026-09-30T18:00:48 WARN High response latency detected
2026-09-30T18:00:49 INFO User logout successful
2026-09-30T18:00:50 INFO API request completed
